2026-09-26 05:09:37.226: [INFO][Sync] Reset engine, reason: 8
2026-09-26 05:09:37.226: [INFO][Sync] Stopped: Bookmarks
2026-09-26 05:09:37.226: [INFO][Sync] Stopped: Preferences
2026-09-26 05:09:37.226: [INFO][Sync] Stopped: Passwords
2026-09-26 05:09:37.226: [INFO][Sync] Stopped: Autofill Profiles
2026-09-26 05:09:37.226: [INFO][Sync] Stopped: Autofill
2026-09-26 05:09:37.226: [INFO][Sync] Stopped: Extensions
2026-09-26 05:09:37.226: [INFO][Sync] Stopped: Sessions
2026-09-26 05:09:37.226: [INFO][Sync] Stopped: Extension settings
2026-09-26 05:09:37.226: [INFO][Sync] Stopped: History Delete Directives
2026-09-26 05:09:37.226: [INFO][Sync] Stopped: Device Info
2026-09-26 05:09:37.226: [INFO][Sync] Stopped: User Consents
2026-09-26 05:09:37.226: [INFO][Sync] Stopped: Send Tab To Self
2026-09-26 05:09:37.226: [INFO][Sync] Stopped: Web Apps
2026-09-26 05:09:37.226: [INFO][Sync] Stopped: History
2026-09-26 05:09:37.226: [INFO][Sync] Stopped: Saved Tab Group
2026-09-26 05:09:37.226: [INFO][Sync] Stopped: WebAuthn Credentials
2026-09-26 05:09:37.226: [INFO][Sync] Stopped: Edge Hub App Usage
2026-09-26 05:09:37.226: [INFO][Sync] Stopped: Edge Journey
2026-09-26 05:09:37.226: [INFO][Sync] Stopped: Edge Workspace
2026-09-26 05:09:37.226: [INFO][Sync] SyncState after authenticated was: NotSignedIn
2026-09-26 05:09:37.684: [INFO][Sync] Reset engine, reason: 8
2026-09-26 05:09:37.684: [INFO][Sync] Stopped: Bookmarks
2026-09-26 05:09:37.684: [INFO][Sync] Stopped: Preferences
2026-09-26 05:09:37.684: [INFO][Sync] Stopped: Passwords
2026-09-26 05:09:37.684: [INFO][Sync] Stopped: Autofill Profiles
2026-09-26 05:09:37.684: [INFO][Sync] Stopped: Autofill
2026-09-26 05:09:37.684: [INFO][Sync] Stopped: Extensions
2026-09-26 05:09:37.684: [INFO][Sync] Stopped: Sessions
2026-09-26 05:09:37.684: [INFO][Sync] Stopped: Extension settings
2026-09-26 05:09:37.684: [INFO][Sync] Stopped: History Delete Directives
2026-09-26 05:09:37.684: [INFO][Sync] Stopped: Device Info
2026-09-26 05:09:37.684: [INFO][Sync] Stopped: User Consents
2026-09-26 05:09:37.684: [INFO][Sync] Stopped: Send Tab To Self
2026-09-26 05:09:37.684: [INFO][Sync] Stopped: Web Apps
2026-09-26 05:09:37.684: [INFO][Sync] Stopped: History
2026-09-26 05:09:37.684: [INFO][Sync] Stopped: Saved Tab Group
2026-09-26 05:09:37.684: [INFO][Sync] Stopped: WebAuthn Credentials
2026-09-26 05:09:37.684: [INFO][Sync] Stopped: Edge Hub App Usage
2026-09-26 05:09:37.684: [INFO][Sync] Stopped: Edge Journey
2026-09-26 05:09:37.684: [INFO][Sync] Stopped: Edge Workspace
2026-09-26 05:12:07.997: [INFO][Sync] Reset engine, reason: 0
2026-09-26 05:12:34.865: [INFO][Sync] Reset engine, reason: 8
2026-09-26 05:12:34.865: [INFO][Sync] Stopped: Bookmarks
2026-09-26 05:12:34.865: [INFO][Sync] Stopped: Preferences
2026-09-26 05:12:34.865: [INFO][Sync] Stopped: Passwords
2026-09-26 05:12:34.865: [INFO][Sync] Stopped: Autofill Profiles
2026-09-26 05:12:34.865: [INFO][Sync] Stopped: Autofill
2026-09-26 05:12:34.865: [INFO][Sync] Stopped: Extensions
2026-09-26 05:12:34.865: [INFO][Sync] Stopped: Sessions
2026-09-26 05:12:34.865: [INFO][Sync] Stopped: Extension settings
2026-09-26 05:12:34.865: [INFO][Sync] Stopped: History Delete Directives
2026-09-26 05:12:34.865: [INFO][Sync] Stopped: Device Info
2026-09-26 05:12:34.865: [INFO][Sync] Stopped: User Consents
2026-09-26 05:12:34.865: [INFO][Sync] Stopped: Send Tab To Self
2026-09-26 05:12:34.865: [INFO][Sync] Stopped: Web Apps
2026-09-26 05:12:34.865: [INFO][Sync] Stopped: History
2026-09-26 05:12:34.865: [INFO][Sync] Stopped: Saved Tab Group
2026-09-26 05:12:34.865: [INFO][Sync] Stopped: WebAuthn Credentials
2026-09-26 05:12:34.865: [INFO][Sync] Stopped: Edge Hub App Usage
2026-09-26 05:12:34.865: [INFO][Sync] Stopped: Edge Journey
2026-09-26 05:12:34.865: [INFO][Sync] Stopped: Edge Workspace
2026-09-26 05:12:34.865: [INFO][Sync] SyncState after authenticated was: NotSignedIn
2026-09-26 05:12:35.015: [INFO][Sync] Reset engine, reason: 8
2026-09-26 05:12:35.015: [INFO][Sync] Stopped: Bookmarks
2026-09-26 05:12:35.015: [INFO][Sync] Stopped: Preferences
2026-09-26 05:12:35.015: [INFO][Sync] Stopped: Passwords
2026-09-26 05:12:35.015: [INFO][Sync] Stopped: Autofill Profiles
2026-09-26 05:12:35.015: [INFO][Sync] Stopped: Autofill
2026-09-26 05:12:35.015: [INFO][Sync] Stopped: Extensions
2026-09-26 05:12:35.015: [INFO][Sync] Stopped: Sessions
2026-09-26 05:12:35.015: [INFO][Sync] Stopped: Extension settings
2026-09-26 05:12:35.015: [INFO][Sync] Stopped: History Delete Directives
2026-09-26 05:12:35.015: [INFO][Sync] Stopped: Device Info
2026-09-26 05:12:35.015: [INFO][Sync] Stopped: User Consents
2026-09-26 05:12:35.015: [INFO][Sync] Stopped: Send Tab To Self
2026-09-26 05:12:35.015: [INFO][Sync] Stopped: Web Apps
2026-09-26 05:12:35.015: [INFO][Sync] Stopped: History
2026-09-26 05:12:35.015: [INFO][Sync] Stopped: Saved Tab Group
2026-09-26 05:12:35.015: [INFO][Sync] Stopped: WebAuthn Credentials
2026-09-26 05:12:35.015: [INFO][Sync] Stopped: Edge Hub App Usage
2026-09-26 05:12:35.015: [INFO][Sync] Stopped: Edge Journey
2026-09-26 05:12:35.015: [INFO][Sync] Stopped: Edge Workspace
2026-09-26 05:18:03.557: [INFO][Sync] Reset engine, reason: 0
2026-09-26 05:19:24.011: [INFO][Sync] Reset engine, reason: 8
2026-09-26 05:19:24.011: [INFO][Sync] Stopped: Bookmarks
2026-09-26 05:19:24.011: [INFO][Sync] Stopped: Preferences
2026-09-26 05:19:24.011: [INFO][Sync] Stopped: Passwords
2026-09-26 05:19:24.011: [INFO][Sync] Stopped: Autofill Profiles
2026-09-26 05:19:24.011: [INFO][Sync] Stopped: Autofill
2026-09-26 05:19:24.011: [INFO][Sync] Stopped: Extensions
2026-09-26 05:19:24.011: [INFO][Sync] Stopped: Sessions
2026-09-26 05:19:24.011: [INFO][Sync] Stopped: Extension settings
2026-09-26 05:19:24.011: [INFO][Sync] Stopped: History Delete Directives
2026-09-26 05:19:24.011: [INFO][Sync] Stopped: Device Info
2026-09-26 05:19:24.011: [INFO][Sync] Stopped: User Consents
2026-09-26 05:19:24.011: [INFO][Sync] Stopped: Send Tab To Self
2026-09-26 05:19:24.011: [INFO][Sync] Stopped: Web Apps
2026-09-26 05:19:24.011: [INFO][Sync] Stopped: History
2026-09-26 05:19:24.011: [INFO][Sync] Stopped: Saved Tab Group
2026-09-26 05:19:24.011: [INFO][Sync] Stopped: WebAuthn Credentials
2026-09-26 05:19:24.011: [INFO][Sync] Stopped: Edge Hub App Usage
2026-09-26 05:19:24.011: [INFO][Sync] Stopped: Edge Journey
2026-09-26 05:19:24.011: [INFO][Sync] Stopped: Edge Workspace
2026-09-26 05:19:24.011: [INFO][Sync] SyncState after authenticated was: NotSignedIn
2026-09-26 05:19:24.154: [INFO][Sync] Reset engine, reason: 8
2026-09-26 05:19:24.154: [INFO][Sync] Stopped: Bookmarks
2026-09-26 05:19:24.154: [INFO][Sync] Stopped: Preferences
2026-09-26 05:19:24.154: [INFO][Sync] Stopped: Passwords
2026-09-26 05:19:24.154: [INFO][Sync] Stopped: Autofill Profiles
2026-09-26 05:19:24.154: [INFO][Sync] Stopped: Autofill
2026-09-26 05:19:24.154: [INFO][Sync] Stopped: Extensions
2026-09-26 05:19:24.154: [INFO][Sync] Stopped: Sessions
2026-09-26 05:19:24.154: [INFO][Sync] Stopped: Extension settings
2026-09-26 05:19:24.154: [INFO][Sync] Stopped: History Delete Directives
2026-09-26 05:19:24.154: [INFO][Sync] Stopped: Device Info
2026-09-26 05:19:24.154: [INFO][Sync] Stopped: User Consents
2026-09-26 05:19:24.154: [INFO][Sync] Stopped: Send Tab To Self
2026-09-26 05:19:24.154: [INFO][Sync] Stopped: Web Apps
2026-09-26 05:19:24.154: [INFO][Sync] Stopped: History
2026-09-26 05:19:24.154: [INFO][Sync] Stopped: Saved Tab Group
2026-09-26 05:19:24.154: [INFO][Sync] Stopped: WebAuthn Credentials
2026-09-26 05:19:24.154: [INFO][Sync] Stopped: Edge Hub App Usage
2026-09-26 05:19:24.154: [INFO][Sync] Stopped: Edge Journey
2026-09-26 05:19:24.154: [INFO][Sync] Stopped: Edge Workspace
2026-09-26 05:20:00.173: [INFO][Sync] Reset engine, reason: 0
2026-09-26 05:20:48.501: [INFO][Sync] Reset engine, reason: 8
2026-09-26 05:20:48.501: [INFO][Sync] Stopped: Bookmarks
2026-09-26 05:20:48.501: [INFO][Sync] Stopped: Preferences
2026-09-26 05:20:48.501: [INFO][Sync] Stopped: Passwords
2026-09-26 05:20:48.501: [INFO][Sync] Stopped: Autofill Profiles
2026-09-26 05:20:48.501: [INFO][Sync] Stopped: Autofill
2026-09-26 05:20:48.501: [INFO][Sync] Stopped: Extensions
2026-09-26 05:20:48.501: [INFO][Sync] Stopped: Sessions
2026-09-26 05:20:48.501: [INFO][Sync] Stopped: Extension settings
2026-09-26 05:20:48.501: [INFO][Sync] Stopped: History Delete Directives
2026-09-26 05:20:48.501: [INFO][Sync] Stopped: Device Info
2026-09-26 05:20:48.501: [INFO][Sync] Stopped: User Consents
2026-09-26 05:20:48.501: [INFO][Sync] Stopped: Send Tab To Self
2026-09-26 05:20:48.501: [INFO][Sync] Stopped: Web Apps
2026-09-26 05:20:48.501: [INFO][Sync] Stopped: History
2026-09-26 05:20:48.501: [INFO][Sync] Stopped: Saved Tab Group
2026-09-26 05:20:48.501: [INFO][Sync] Stopped: WebAuthn Credentials
2026-09-26 05:20:48.501: [INFO][Sync] Stopped: Edge Hub App Usage
2026-09-26 05:20:48.501: [INFO][Sync] Stopped: Edge Journey
2026-09-26 05:20:48.501: [INFO][Sync] Stopped: Edge Workspace
2026-09-26 05:20:48.501: [INFO][Sync] SyncState after authenticated was: NotSignedIn
2026-09-26 05:20:48.700: [INFO][Sync] Reset engine, reason: 8
2026-09-26 05:20:48.700: [INFO][Sync] Stopped: Bookmarks
2026-09-26 05:20:48.700: [INFO][Sync] Stopped: Preferences
2026-09-26 05:20:48.700: [INFO][Sync] Stopped: Passwords
2026-09-26 05:20:48.700: [INFO][Sync] Stopped: Autofill Profiles
2026-09-26 05:20:48.700: [INFO][Sync] Stopped: Autofill
2026-09-26 05:20:48.700: [INFO][Sync] Stopped: Extensions
2026-09-26 05:20:48.700: [INFO][Sync] Stopped: Sessions
2026-09-26 05:20:48.700: [INFO][Sync] Stopped: Extension settings
2026-09-26 05:20:48.700: [INFO][Sync] Stopped: History Delete Directives
2026-09-26 05:20:48.700: [INFO][Sync] Stopped: Device Info
2026-09-26 05:20:48.700: [INFO][Sync] Stopped: User Consents
2026-09-26 05:20:48.700: [INFO][Sync] Stopped: Send Tab To Self
2026-09-26 05:20:48.700: [INFO][Sync] Stopped: Web Apps
2026-09-26 05:20:48.700: [INFO][Sync] Stopped: History
2026-09-26 05:20:48.700: [INFO][Sync] Stopped: Saved Tab Group
2026-09-26 05:20:48.700: [INFO][Sync] Stopped: WebAuthn Credentials
2026-09-26 05:20:48.700: [INFO][Sync] Stopped: Edge Hub App Usage
2026-09-26 05:20:48.700: [INFO][Sync] Stopped: Edge Journey
2026-09-26 05:20:48.700: [INFO][Sync] Stopped: Edge Workspace
2026-09-26 05:21:57.642: [INFO][Sync] Reset engine, reason: 0
2026-09-26 05:24:48.393: [INFO][Sync] Reset engine, reason: 8
2026-09-26 05:24:48.393: [INFO][Sync] Stopped: Bookmarks
2026-09-26 05:24:48.393: [INFO][Sync] Stopped: Preferences
2026-09-26 05:24:48.393: [INFO][Sync] Stopped: Passwords
2026-09-26 05:24:48.393: [INFO][Sync] Stopped: Autofill Profiles
2026-09-26 05:24:48.393: [INFO][Sync] Stopped: Autofill
2026-09-26 05:24:48.393: [INFO][Sync] Stopped: Extensions
2026-09-26 05:24:48.393: [INFO][Sync] Stopped: Sessions
2026-09-26 05:24:48.393: [INFO][Sync] Stopped: Extension settings
2026-09-26 05:24:48.393: [INFO][Sync] Stopped: History Delete Directives
2026-09-26 05:24:48.393: [INFO][Sync] Stopped: Device Info
2026-09-26 05:24:48.393: [INFO][Sync] Stopped: User Consents
2026-09-26 05:24:48.393: [INFO][Sync] Stopped: Send Tab To Self
2026-09-26 05:24:48.393: [INFO][Sync] Stopped: Web Apps
2026-09-26 05:24:48.393: [INFO][Sync] Stopped: History
2026-09-26 05:24:48.393: [INFO][Sync] Stopped: Saved Tab Group
2026-09-26 05:24:48.393: [INFO][Sync] Stopped: WebAuthn Credentials
2026-09-26 05:24:48.393: [INFO][Sync] Stopped: Edge Hub App Usage
2026-09-26 05:24:48.393: [INFO][Sync] Stopped: Edge Journey
2026-09-26 05:24:48.393: [INFO][Sync] Stopped: Edge Workspace
2026-09-26 05:24:48.394: [INFO][Sync] SyncState after authenticated was: NotSignedIn
2026-09-26 05:24:48.542: [INFO][Sync] Reset engine, reason: 8
2026-09-26 05:24:48.542: [INFO][Sync] Stopped: Bookmarks
2026-09-26 05:24:48.542: [INFO][Sync] Stopped: Preferences
2026-09-26 05:24:48.542: [INFO][Sync] Stopped: Passwords
2026-09-26 05:24:48.542: [INFO][Sync] Stopped: Autofill Profiles
2026-09-26 05:24:48.542: [INFO][Sync] Stopped: Autofill
2026-09-26 05:24:48.542: [INFO][Sync] Stopped: Extensions
2026-09-26 05:24:48.542: [INFO][Sync] Stopped: Sessions
2026-09-26 05:24:48.542: [INFO][Sync] Stopped: Extension settings
2026-09-26 05:24:48.542: [INFO][Sync] Stopped: History Delete Directives
2026-09-26 05:24:48.542: [INFO][Sync] Stopped: Device Info
2026-09-26 05:24:48.542: [INFO][Sync] Stopped: User Consents
2026-09-26 05:24:48.542: [INFO][Sync] Stopped: Send Tab To Self
2026-09-26 05:24:48.542: [INFO][Sync] Stopped: Web Apps
2026-09-26 05:24:48.542: [INFO][Sync] Stopped: History
2026-09-26 05:24:48.542: [INFO][Sync] Stopped: Saved Tab Group
2026-09-26 05:24:48.542: [INFO][Sync] Stopped: WebAuthn Credentials
2026-09-26 05:24:48.542: [INFO][Sync] Stopped: Edge Hub App Usage
2026-09-26 05:24:48.542: [INFO][Sync] Stopped: Edge Journey
2026-09-26 05:24:48.542: [INFO][Sync] Stopped: Edge Workspace
2026-09-26 05:25:40.952: [INFO][Sync] Reset engine, reason: 0
2026-09-26 05:27:12.100: [INFO][Sync] Reset engine, reason: 8
2026-09-26 05:27:12.100: [INFO][Sync] Stopped: Bookmarks
2026-09-26 05:27:12.100: [INFO][Sync] Stopped: Preferences
2026-09-26 05:27:12.100: [INFO][Sync] Stopped: Passwords
2026-09-26 05:27:12.100: [INFO][Sync] Stopped: Autofill Profiles
2026-09-26 05:27:12.100: [INFO][Sync] Stopped: Autofill
2026-09-26 05:27:12.100: [INFO][Sync] Stopped: Extensions
2026-09-26 05:27:12.100: [INFO][Sync] Stopped: Sessions
2026-09-26 05:27:12.100: [INFO][Sync] Stopped: Extension settings
2026-09-26 05:27:12.100: [INFO][Sync] Stopped: History Delete Directives
2026-09-26 05:27:12.100: [INFO][Sync] Stopped: Device Info
2026-09-26 05:27:12.100: [INFO][Sync] Stopped: User Consents
2026-09-26 05:27:12.100: [INFO][Sync] Stopped: Send Tab To Self
2026-09-26 05:27:12.100: [INFO][Sync] Stopped: Web Apps
2026-09-26 05:27:12.100: [INFO][Sync] Stopped: History
2026-09-26 05:27:12.100: [INFO][Sync] Stopped: Saved Tab Group
2026-09-26 05:27:12.100: [INFO][Sync] Stopped: WebAuthn Credentials
2026-09-26 05:27:12.100: [INFO][Sync] Stopped: Edge Hub App Usage
2026-09-26 05:27:12.100: [INFO][Sync] Stopped: Edge Journey
2026-09-26 05:27:12.100: [INFO][Sync] Stopped: Edge Workspace
2026-09-26 05:27:12.100: [INFO][Sync] SyncState after authenticated was: NotSignedIn
2026-09-26 05:27:12.287: [INFO][Sync] Reset engine, reason: 8
2026-09-26 05:27:12.287: [INFO][Sync] Stopped: Bookmarks
2026-09-26 05:27:12.287: [INFO][Sync] Stopped: Preferences
2026-09-26 05:27:12.287: [INFO][Sync] Stopped: Passwords
2026-09-26 05:27:12.287: [INFO][Sync] Stopped: Autofill Profiles
2026-09-26 05:27:12.287: [INFO][Sync] Stopped: Autofill
2026-09-26 05:27:12.287: [INFO][Sync] Stopped: Extensions
2026-09-26 05:27:12.287: [INFO][Sync] Stopped: Sessions
2026-09-26 05:27:12.287: [INFO][Sync] Stopped: Extension settings
2026-09-26 05:27:12.287: [INFO][Sync] Stopped: History Delete Directives
2026-09-26 05:27:12.287: [INFO][Sync] Stopped: Device Info
2026-09-26 05:27:12.287: [INFO][Sync] Stopped: User Consents
2026-09-26 05:27:12.287: [INFO][Sync] Stopped: Send Tab To Self
2026-09-26 05:27:12.287: [INFO][Sync] Stopped: Web Apps
2026-09-26 05:27:12.287: [INFO][Sync] Stopped: History
2026-09-26 05:27:12.287: [INFO][Sync] Stopped: Saved Tab Group
2026-09-26 05:27:12.287: [INFO][Sync] Stopped: WebAuthn Credentials
2026-09-26 05:27:12.287: [INFO][Sync] Stopped: Edge Hub App Usage
2026-09-26 05:27:12.287: [INFO][Sync] Stopped: Edge Journey
2026-09-26 05:27:12.287: [INFO][Sync] Stopped: Edge Workspace
2026-09-26 05:31:55.686: [INFO][Sync] Reset engine, reason: 0
2026-09-26 05:32:27.921: [INFO][Sync] Reset engine, reason: 8
2026-09-26 05:32:27.921: [INFO][Sync] Stopped: Bookmarks
2026-09-26 05:32:27.921: [INFO][Sync] Stopped: Preferences
2026-09-26 05:32:27.921: [INFO][Sync] Stopped: Passwords
2026-09-26 05:32:27.921: [INFO][Sync] Stopped: Autofill Profiles
2026-09-26 05:32:27.921: [INFO][Sync] Stopped: Autofill
2026-09-26 05:32:27.921: [INFO][Sync] Stopped: Extensions
2026-09-26 05:32:27.921: [INFO][Sync] Stopped: Sessions
2026-09-26 05:32:27.921: [INFO][Sync] Stopped: Extension settings
2026-09-26 05:32:27.921: [INFO][Sync] Stopped: History Delete Directives
2026-09-26 05:32:27.921: [INFO][Sync] Stopped: Device Info
2026-09-26 05:32:27.921: [INFO][Sync] Stopped: User Consents
2026-09-26 05:32:27.921: [INFO][Sync] Stopped: Send Tab To Self
2026-09-26 05:32:27.921: [INFO][Sync] Stopped: Web Apps
2026-09-26 05:32:27.921: [INFO][Sync] Stopped: History
2026-09-26 05:32:27.921: [INFO][Sync] Stopped: Saved Tab Group
2026-09-26 05:32:27.921: [INFO][Sync] Stopped: WebAuthn Credentials
2026-09-26 05:32:27.921: [INFO][Sync] Stopped: Edge Hub App Usage
2026-09-26 05:32:27.921: [INFO][Sync] Stopped: Edge Journey
2026-09-26 05:32:27.921: [INFO][Sync] Stopped: Edge Workspace
2026-09-26 05:32:27.921: [INFO][Sync] SyncState after authenticated was: NotSignedIn
2026-09-26 05:32:28.076: [INFO][Sync] Reset engine, reason: 8
2026-09-26 05:32:28.076: [INFO][Sync] Stopped: Bookmarks
2026-09-26 05:32:28.076: [INFO][Sync] Stopped: Preferences
2026-09-26 05:32:28.076: [INFO][Sync] Stopped: Passwords
2026-09-26 05:32:28.076: [INFO][Sync] Stopped: Autofill Profiles
2026-09-26 05:32:28.076: [INFO][Sync] Stopped: Autofill
2026-09-26 05:32:28.076: [INFO][Sync] Stopped: Extensions
2026-09-26 05:32:28.076: [INFO][Sync] Stopped: Sessions
2026-09-26 05:32:28.076: [INFO][Sync] Stopped: Extension settings
2026-09-26 05:32:28.076: [INFO][Sync] Stopped: History Delete Directives
2026-09-26 05:32:28.076: [INFO][Sync] Stopped: Device Info
2026-09-26 05:32:28.076: [INFO][Sync] Stopped: User Consents
2026-09-26 05:32:28.076: [INFO][Sync] Stopped: Send Tab To Self
2026-09-26 05:32:28.076: [INFO][Sync] Stopped: Web Apps
2026-09-26 05:32:28.076: [INFO][Sync] Stopped: History
2026-09-26 05:32:28.076: [INFO][Sync] Stopped: Saved Tab Group
2026-09-26 05:32:28.076: [INFO][Sync] Stopped: WebAuthn Credentials
2026-09-26 05:32:28.076: [INFO][Sync] Stopped: Edge Hub App Usage
2026-09-26 05:32:28.076: [INFO][Sync] Stopped: Edge Journey
2026-09-26 05:32:28.076: [INFO][Sync] Stopped: Edge Workspace
2026-09-26 05:37:11.244: [INFO][Sync] Reset engine, reason: 0
2026-09-26 05:37:33.328: [INFO][Sync] Reset engine, reason: 8
2026-09-26 05:37:33.328: [INFO][Sync] Stopped: Bookmarks
2026-09-26 05:37:33.328: [INFO][Sync] Stopped: Preferences
2026-09-26 05:37:33.328: [INFO][Sync] Stopped: Passwords
2026-09-26 05:37:33.328: [INFO][Sync] Stopped: Autofill Profiles
2026-09-26 05:37:33.328: [INFO][Sync] Stopped: Autofill
2026-09-26 05:37:33.328: [INFO][Sync] Stopped: Extensions
2026-09-26 05:37:33.328: [INFO][Sync] Stopped: Sessions
2026-09-26 05:37:33.328: [INFO][Sync] Stopped: Extension settings
2026-09-26 05:37:33.328: [INFO][Sync] Stopped: History Delete Directives
2026-09-26 05:37:33.328: [INFO][Sync] Stopped: Device Info
2026-09-26 05:37:33.328: [INFO][Sync] Stopped: User Consents
2026-09-26 05:37:33.328: [INFO][Sync] Stopped: Send Tab To Self
2026-09-26 05:37:33.329: [INFO][Sync] Stopped: Web Apps
2026-09-26 05:37:33.329: [INFO][Sync] Stopped: History
2026-09-26 05:37:33.329: [INFO][Sync] Stopped: Saved Tab Group
2026-09-26 05:37:33.329: [INFO][Sync] Stopped: WebAuthn Credentials
2026-09-26 05:37:33.329: [INFO][Sync] Stopped: Edge Hub App Usage
2026-09-26 05:37:33.329: [INFO][Sync] Stopped: Edge Journey
2026-09-26 05:37:33.329: [INFO][Sync] Stopped: Edge Workspace
2026-09-26 05:37:33.329: [INFO][Sync] SyncState after authenticated was: NotSignedIn
2026-09-26 05:37:33.476: [INFO][Sync] Reset engine, reason: 8
2026-09-26 05:37:33.476: [INFO][Sync] Stopped: Bookmarks
2026-09-26 05:37:33.476: [INFO][Sync] Stopped: Preferences
2026-09-26 05:37:33.476: [INFO][Sync] Stopped: Passwords
2026-09-26 05:37:33.476: [INFO][Sync] Stopped: Autofill Profiles
2026-09-26 05:37:33.476: [INFO][Sync] Stopped: Autofill
2026-09-26 05:37:33.476: [INFO][Sync] Stopped: Extensions
2026-09-26 05:37:33.476: [INFO][Sync] Stopped: Sessions
2026-09-26 05:37:33.476: [INFO][Sync] Stopped: Extension settings
2026-09-26 05:37:33.476: [INFO][Sync] Stopped: History Delete Directives
2026-09-26 05:37:33.476: [INFO][Sync] Stopped: Device Info
2026-09-26 05:37:33.476: [INFO][Sync] Stopped: User Consents
2026-09-26 05:37:33.476: [INFO][Sync] Stopped: Send Tab To Self
2026-09-26 05:37:33.476: [INFO][Sync] Stopped: Web Apps
2026-09-26 05:37:33.476: [INFO][Sync] Stopped: History
2026-09-26 05:37:33.476: [INFO][Sync] Stopped: Saved Tab Group
2026-09-26 05:37:33.476: [INFO][Sync] Stopped: WebAuthn Credentials
2026-09-26 05:37:33.476: [INFO][Sync] Stopped: Edge Hub App Usage
2026-09-26 05:37:33.476: [INFO][Sync] Stopped: Edge Journey
2026-09-26 05:37:33.476: [INFO][Sync] Stopped: Edge Workspace
2026-09-26 05:38:27.481: [INFO][Sync] Reset engine, reason: 0
